2025-11-16 10:49:56 - __main__ - INFO - ================================================================================
2025-11-16 10:49:56 - __main__ - INFO - TWO-STAGE LIGHTGBM PREDICTION
2025-11-16 10:49:56 - __main__ - INFO - ================================================================================
2025-11-16 10:49:56 - __main__ - INFO - Loading models...
2025-11-16 10:49:56 - __main__ - INFO - ✅ Classifier loaded (CatBoost)
2025-11-16 10:49:56 - __main__ - INFO - ✅ Regressor loaded: 68 trees
2025-11-16 10:49:56 - __main__ - INFO - ✅ Lookup tables loaded: ['bundle', 'category', 'country', 'segment']
2025-11-16 10:49:56 - __main__ - INFO - ✅ Encoders loaded: 11 encoders
2025-11-16 10:49:56 - __main__ - INFO - 
Loading test data...
2025-11-16 10:49:56 - src.data.loader - INFO - Reading parquet from /home/bigweld/Repos/FME-UPC-datathon-2025/data/raw/test/test
2025-11-16 10:49:56 - src.data.loader - INFO - Test partitions: 96
2025-11-16 10:49:56 - __main__ - INFO - Test data: 96 partitions
2025-11-16 10:49:56 - __main__ - INFO - Extracting row IDs...
2025-11-16 10:49:58 - __main__ - INFO - Test samples: 13,188,409
2025-11-16 10:49:58 - __main__ - INFO - 
Building test features...
2025-11-16 10:49:58 - src.features.offline - INFO - Building offline features (rich features for teachers)...
2025-11-16 10:49:58 - src.features.offline - INFO - Step 1/6: Building online features...
2025-11-16 10:49:58 - src.features.online - INFO - Building online features (fast features for students)...
2025-11-16 10:49:58 - src.features.online - INFO - Extracting list/dict aggregates...
2025-11-16 10:49:58 - src.features.online - INFO - Encoding hour cyclically (sin/cos)...
2025-11-16 10:49:58 - src.features.online - INFO - Adding lookup table features...
2025-11-16 10:49:58 - src.features.online - INFO - Applying encoders to categorical features...
2025-11-16 10:49:58 - src.features.online - INFO - Filling missing values...
2025-11-16 10:49:58 - src.features.online - INFO - ✅ Online features built: 43 features
2025-11-16 10:49:58 - src.features.offline - INFO - Step 2/6: Merging with original data for complex columns...
2025-11-16 10:49:58 - src.features.offline - INFO - Added 28 complex columns for feature extraction
2025-11-16 10:49:58 - src.features.offline - INFO - Step 3/6: Extracting histogram features...
2025-11-16 10:49:58 - src.features.offline - INFO - Step 4/6: Extracting revenue/buy map features...
2025-11-16 10:49:58 - src.features.offline - INFO - Step 5/6: Extracting whale features...
2025-11-16 10:49:58 - src.features.offline - INFO - Step 6/6: Extracting recency features...
2025-11-16 10:49:58 - src.features.offline - INFO - Extracting action features...
2025-11-16 10:49:58 - src.features.offline - INFO - Dropping complex columns...
2025-11-16 10:49:58 - src.features.offline - INFO - Filling missing values...
2025-11-16 10:49:58 - src.features.offline - INFO - ✅ Offline features built: 103 features
2025-11-16 10:49:58 - __main__ - INFO - Processing 96 partitions in batches of 10
2025-11-16 10:49:58 - __main__ - INFO - 
Batch 1/10 (partitions 0-9)...
2025-11-16 10:49:58 - __main__ - INFO -   Computing features...
