2025-11-16 02:13:59 - __main__ - INFO - ================================================================================
2025-11-16 02:13:59 - __main__ - INFO - TEACHER TRAINING PIPELINE
2025-11-16 02:13:59 - __main__ - INFO - ================================================================================
2025-11-16 02:13:59 - __main__ - INFO - Mode: subset
2025-11-16 02:13:59 - __main__ - INFO - 
================================================================================
2025-11-16 02:13:59 - __main__ - INFO - STEP 1: Loading Data
2025-11-16 02:13:59 - __main__ - INFO - ================================================================================
2025-11-16 02:13:59 - __main__ - INFO - Training on 1 day(s) of data
2025-11-16 02:13:59 - __main__ - INFO - Train period: 2025-10-01-00-00 to 2025-10-01-23-00
2025-11-16 02:13:59 - src.data.loader - INFO - Reading parquet from /home/bigweld/Repos/FME-UPC-datathon-2025/data/raw/train/train with filters=[('datetime', '>=', '2025-10-01-00-00'), ('datetime', '<=', '2025-10-01-23-00')]
2025-11-16 02:13:59 - src.data.loader - INFO - Loaded 24 partitions (lazy)
2025-11-16 02:13:59 - src.data.loader - INFO - Reading parquet from /home/bigweld/Repos/FME-UPC-datathon-2025/data/raw/train/train with filters=[('datetime', '>=', '2025-10-06-00-00'), ('datetime', '<=', '2025-10-06-23-00')]
2025-11-16 02:13:59 - src.data.loader - INFO - Loaded 24 partitions (lazy)
2025-11-16 02:13:59 - src.data.loader - INFO - Train partitions: 24 | Validation partitions: 24
2025-11-16 02:13:59 - __main__ - INFO - Train partitions: 24
2025-11-16 02:13:59 - __main__ - INFO - Val partitions: 24
2025-11-16 02:13:59 - __main__ - INFO - 
================================================================================
2025-11-16 02:13:59 - __main__ - INFO - STEP 2: Generating Lookup Tables
2025-11-16 02:13:59 - __main__ - INFO - ================================================================================
2025-11-16 02:13:59 - src.features.lookup_tables - INFO - Generating lookup tables from training data...
2025-11-16 02:13:59 - src.features.lookup_tables - INFO - Computing bundle-level statistics...
2025-11-16 02:14:00 - src.features.lookup_tables - INFO -   bundle: 493 groups
2025-11-16 02:14:00 - src.features.lookup_tables - INFO -   Saved to /home/bigweld/Repos/FME-UPC-datathon-2025/data/processed/lookup_tables/bundle_stats.json
2025-11-16 02:14:00 - src.features.lookup_tables - INFO - Computing category-level statistics...
2025-11-16 02:14:00 - src.features.lookup_tables - INFO -   category: 21 groups
2025-11-16 02:14:00 - src.features.lookup_tables - INFO -   Saved to /home/bigweld/Repos/FME-UPC-datathon-2025/data/processed/lookup_tables/category_stats.json
2025-11-16 02:14:00 - src.features.lookup_tables - INFO - Computing country-level statistics...
2025-11-16 02:14:00 - src.features.lookup_tables - INFO -   country: 235 groups
2025-11-16 02:14:00 - src.features.lookup_tables - INFO -   Saved to /home/bigweld/Repos/FME-UPC-datathon-2025/data/processed/lookup_tables/country_stats.json
2025-11-16 02:14:00 - src.features.lookup_tables - INFO - Computing segment-level statistics (country × dev_os)...
2025-11-16 02:14:01 - src.features.lookup_tables - INFO -   segment: 470 groups
2025-11-16 02:14:01 - src.features.lookup_tables - INFO -   Saved to /home/bigweld/Repos/FME-UPC-datathon-2025/data/processed/lookup_tables/segment_stats.json
2025-11-16 02:14:01 - src.features.lookup_tables - INFO - ✅ Generated 4 lookup tables in /home/bigweld/Repos/FME-UPC-datathon-2025/data/processed/lookup_tables
2025-11-16 02:14:01 - __main__ - INFO - 
================================================================================
2025-11-16 02:14:01 - __main__ - INFO - STEP 3: Building Offline Features
2025-11-16 02:14:01 - __main__ - INFO - ================================================================================
2025-11-16 02:14:01 - __main__ - INFO - Building features for training data...
2025-11-16 02:14:01 - src.features.offline - INFO - Building offline features (rich features for teachers)...
2025-11-16 02:14:01 - src.features.offline - INFO - Step 1/6: Building online features...
2025-11-16 02:14:01 - src.features.online - INFO - Building online features (fast features for students)...
2025-11-16 02:14:01 - src.features.online - INFO - Extracting list/dict aggregates...
2025-11-16 02:14:01 - src.features.online - INFO - Encoding hour cyclically (sin/cos)...
2025-11-16 02:14:01 - src.features.online - INFO - Adding lookup table features...
2025-11-16 02:14:01 - src.features.online - INFO - Fitting ordinal encoders for categorical features...
2025-11-16 02:14:01 - src.features.online - INFO - Sampling data to fit encoders (computing first partition)...
2025-11-16 02:14:05 - src.features.online - INFO - Fitted 11 encoders from sample data
2025-11-16 02:14:05 - src.features.online - INFO - Applying encoders to categorical features...
2025-11-16 02:14:05 - src.features.online - INFO - Filling missing values...
2025-11-16 02:14:05 - src.features.online - INFO - ✅ Online features built: 43 features
2025-11-16 02:14:05 - src.features.offline - INFO - Step 2/6: Merging with original data for complex columns...
2025-11-16 02:14:05 - src.features.offline - INFO - Added 28 complex columns for feature extraction
2025-11-16 02:14:05 - src.features.offline - INFO - Step 3/6: Extracting histogram features...
2025-11-16 02:14:05 - src.features.offline - INFO - Step 4/6: Extracting revenue/buy map features...
2025-11-16 02:14:05 - src.features.offline - INFO - Step 5/6: Extracting whale features...
2025-11-16 02:14:05 - src.features.offline - INFO - Step 6/6: Extracting recency features...
2025-11-16 02:14:05 - src.features.offline - INFO - Extracting action features...
2025-11-16 02:14:05 - src.features.offline - INFO - Dropping complex columns...
2025-11-16 02:14:05 - src.features.offline - INFO - Filling missing values...
2025-11-16 02:14:05 - src.features.offline - INFO - ✅ Offline features built: 103 features
2025-11-16 02:14:05 - __main__ - INFO - Building features for validation data...
2025-11-16 02:14:05 - src.features.offline - INFO - Building offline features (rich features for teachers)...
2025-11-16 02:14:05 - src.features.offline - INFO - Step 1/6: Building online features...
2025-11-16 02:14:05 - src.features.online - INFO - Building online features (fast features for students)...
2025-11-16 02:14:05 - src.features.online - INFO - Extracting list/dict aggregates...
2025-11-16 02:14:05 - src.features.online - INFO - Encoding hour cyclically (sin/cos)...
2025-11-16 02:14:05 - src.features.online - INFO - Adding lookup table features...
2025-11-16 02:14:05 - src.features.online - INFO - Applying encoders to categorical features...
2025-11-16 02:14:05 - src.features.online - INFO - Filling missing values...
2025-11-16 02:14:05 - src.features.online - INFO - ✅ Online features built: 43 features
2025-11-16 02:14:05 - src.features.offline - INFO - Step 2/6: Merging with original data for complex columns...
2025-11-16 02:14:05 - src.features.offline - INFO - Added 28 complex columns for feature extraction
2025-11-16 02:14:05 - src.features.offline - INFO - Step 3/6: Extracting histogram features...
2025-11-16 02:14:05 - src.features.offline - INFO - Step 4/6: Extracting revenue/buy map features...
2025-11-16 02:14:05 - src.features.offline - INFO - Step 5/6: Extracting whale features...
2025-11-16 02:14:05 - src.features.offline - INFO - Step 6/6: Extracting recency features...
2025-11-16 02:14:05 - src.features.offline - INFO - Extracting action features...
2025-11-16 02:14:05 - src.features.offline - INFO - Dropping complex columns...
2025-11-16 02:14:05 - src.features.offline - INFO - Filling missing values...
2025-11-16 02:14:05 - src.features.offline - INFO - ✅ Offline features built: 103 features
2025-11-16 02:14:05 - __main__ - INFO - ✅ Saved encoders to /home/bigweld/Repos/FME-UPC-datathon-2025/data/processed/encoders/online_encoders.pkl
2025-11-16 02:14:05 - __main__ - INFO - Computing features (this processes all partitions once)...
2025-11-16 02:14:05 - __main__ - INFO - Progress: Computing training features...
