2025-11-16 02:34:12 - __main__ - INFO - ================================================================================
2025-11-16 02:34:12 - __main__ - INFO - TEACHER TRAINING PIPELINE
2025-11-16 02:34:12 - __main__ - INFO - ================================================================================
2025-11-16 02:34:12 - __main__ - INFO - Mode: subset
2025-11-16 02:34:12 - __main__ - INFO - 
================================================================================
2025-11-16 02:34:12 - __main__ - INFO - STEP 1: Loading Data
2025-11-16 02:34:12 - __main__ - INFO - ================================================================================
2025-11-16 02:34:12 - __main__ - INFO - Training on 1 day(s) of data
2025-11-16 02:34:12 - __main__ - INFO - Train period: 2025-10-01-00-00 to 2025-10-01-23-00
2025-11-16 02:34:12 - src.data.loader - INFO - Reading parquet from /home/bigweld/Repos/FME-UPC-datathon-2025/data/raw/train/train with filters=[('datetime', '>=', '2025-10-01-00-00'), ('datetime', '<=', '2025-10-01-23-00')]
2025-11-16 02:34:12 - src.data.loader - INFO - Loaded 24 partitions (lazy)
2025-11-16 02:34:12 - src.data.loader - INFO - Reading parquet from /home/bigweld/Repos/FME-UPC-datathon-2025/data/raw/train/train with filters=[('datetime', '>=', '2025-10-06-00-00'), ('datetime', '<=', '2025-10-06-23-00')]
2025-11-16 02:34:12 - src.data.loader - INFO - Loaded 24 partitions (lazy)
2025-11-16 02:34:12 - src.data.loader - INFO - Train partitions: 24 | Validation partitions: 24
2025-11-16 02:34:12 - __main__ - INFO - Train partitions: 24
2025-11-16 02:34:12 - __main__ - INFO - Val partitions: 24
2025-11-16 02:34:12 - __main__ - INFO - 
================================================================================
2025-11-16 02:34:12 - __main__ - INFO - STEP 2: Generating Lookup Tables
2025-11-16 02:34:12 - __main__ - INFO - ================================================================================
2025-11-16 02:34:12 - src.features.lookup_tables - INFO - Generating lookup tables from training data...
2025-11-16 02:34:12 - src.features.lookup_tables - INFO - Computing bundle-level statistics...
2025-11-16 02:34:12 - src.features.lookup_tables - INFO -   bundle: 493 groups
2025-11-16 02:34:12 - src.features.lookup_tables - INFO -   Saved to /home/bigweld/Repos/FME-UPC-datathon-2025/data/processed/lookup_tables/bundle_stats.json
2025-11-16 02:34:12 - src.features.lookup_tables - INFO - Computing category-level statistics...
2025-11-16 02:34:13 - src.features.lookup_tables - INFO -   category: 21 groups
2025-11-16 02:34:13 - src.features.lookup_tables - INFO -   Saved to /home/bigweld/Repos/FME-UPC-datathon-2025/data/processed/lookup_tables/category_stats.json
2025-11-16 02:34:13 - src.features.lookup_tables - INFO - Computing country-level statistics...
2025-11-16 02:34:13 - src.features.lookup_tables - INFO -   country: 235 groups
2025-11-16 02:34:13 - src.features.lookup_tables - INFO -   Saved to /home/bigweld/Repos/FME-UPC-datathon-2025/data/processed/lookup_tables/country_stats.json
2025-11-16 02:34:13 - src.features.lookup_tables - INFO - Computing segment-level statistics (country × dev_os)...
2025-11-16 02:34:14 - src.features.lookup_tables - INFO -   segment: 470 groups
2025-11-16 02:34:14 - src.features.lookup_tables - INFO -   Saved to /home/bigweld/Repos/FME-UPC-datathon-2025/data/processed/lookup_tables/segment_stats.json
2025-11-16 02:34:14 - src.features.lookup_tables - INFO - ✅ Generated 4 lookup tables in /home/bigweld/Repos/FME-UPC-datathon-2025/data/processed/lookup_tables
2025-11-16 02:34:14 - __main__ - INFO - 
================================================================================
2025-11-16 02:34:14 - __main__ - INFO - STEP 3: Building Offline Features
2025-11-16 02:34:14 - __main__ - INFO - ================================================================================
2025-11-16 02:34:14 - __main__ - INFO - Building features for training data...
2025-11-16 02:34:14 - src.features.offline - INFO - Building offline features (rich features for teachers)...
2025-11-16 02:34:14 - src.features.offline - INFO - Step 1/6: Building online features...
2025-11-16 02:34:14 - src.features.online - INFO - Building online features (fast features for students)...
2025-11-16 02:34:14 - src.features.online - INFO - Extracting list/dict aggregates...
2025-11-16 02:34:14 - src.features.online - INFO - Encoding hour cyclically (sin/cos)...
2025-11-16 02:34:14 - src.features.online - INFO - Adding lookup table features...
2025-11-16 02:34:14 - src.features.online - INFO - Fitting ordinal encoders for categorical features...
2025-11-16 02:34:14 - src.features.online - INFO - Sampling data to fit encoders (computing first partition)...
2025-11-16 02:34:17 - src.features.online - INFO - Fitted 11 encoders from sample data
2025-11-16 02:34:17 - src.features.online - INFO - Applying encoders to categorical features...
2025-11-16 02:34:17 - src.features.online - INFO - Filling missing values...
2025-11-16 02:34:17 - src.features.online - INFO - ✅ Online features built: 43 features
2025-11-16 02:34:17 - src.features.offline - INFO - Step 2/6: Merging with original data for complex columns...
2025-11-16 02:34:17 - src.features.offline - INFO - Added 28 complex columns for feature extraction
2025-11-16 02:34:17 - src.features.offline - INFO - Step 3/6: Extracting histogram features...
2025-11-16 02:34:17 - src.features.offline - INFO - Step 4/6: Extracting revenue/buy map features...
2025-11-16 02:34:17 - src.features.offline - INFO - Step 5/6: Extracting whale features...
2025-11-16 02:34:17 - src.features.offline - INFO - Step 6/6: Extracting recency features...
2025-11-16 02:34:17 - src.features.offline - INFO - Extracting action features...
2025-11-16 02:34:17 - src.features.offline - INFO - Dropping complex columns...
2025-11-16 02:34:17 - src.features.offline - INFO - Filling missing values...
2025-11-16 02:34:17 - src.features.offline - INFO - ✅ Offline features built: 103 features
2025-11-16 02:34:17 - __main__ - INFO - Building features for validation data...
2025-11-16 02:34:17 - src.features.offline - INFO - Building offline features (rich features for teachers)...
2025-11-16 02:34:17 - src.features.offline - INFO - Step 1/6: Building online features...
2025-11-16 02:34:17 - src.features.online - INFO - Building online features (fast features for students)...
2025-11-16 02:34:17 - src.features.online - INFO - Extracting list/dict aggregates...
2025-11-16 02:34:17 - src.features.online - INFO - Encoding hour cyclically (sin/cos)...
2025-11-16 02:34:17 - src.features.online - INFO - Adding lookup table features...
2025-11-16 02:34:17 - src.features.online - INFO - Applying encoders to categorical features...
2025-11-16 02:34:17 - src.features.online - INFO - Filling missing values...
2025-11-16 02:34:17 - src.features.online - INFO - ✅ Online features built: 43 features
2025-11-16 02:34:17 - src.features.offline - INFO - Step 2/6: Merging with original data for complex columns...
2025-11-16 02:34:17 - src.features.offline - INFO - Added 28 complex columns for feature extraction
2025-11-16 02:34:17 - src.features.offline - INFO - Step 3/6: Extracting histogram features...
2025-11-16 02:34:17 - src.features.offline - INFO - Step 4/6: Extracting revenue/buy map features...
2025-11-16 02:34:17 - src.features.offline - INFO - Step 5/6: Extracting whale features...
2025-11-16 02:34:17 - src.features.offline - INFO - Step 6/6: Extracting recency features...
2025-11-16 02:34:17 - src.features.offline - INFO - Extracting action features...
2025-11-16 02:34:17 - src.features.offline - INFO - Dropping complex columns...
2025-11-16 02:34:17 - src.features.offline - INFO - Filling missing values...
2025-11-16 02:34:17 - src.features.offline - INFO - ✅ Offline features built: 103 features
2025-11-16 02:34:17 - __main__ - INFO - ✅ Saved encoders to /home/bigweld/Repos/FME-UPC-datathon-2025/data/processed/encoders/online_encoders.pkl
2025-11-16 02:34:17 - __main__ - INFO - No cache found. Computing features (this will take ~5 minutes)...
2025-11-16 02:34:17 - __main__ - INFO - Training: 24 partitions to process
2025-11-16 02:34:17 - __main__ - INFO - Validation: 24 partitions to process
2025-11-16 02:34:17 - __main__ - INFO - Progress: Computing training features...
2025-11-16 02:34:18 - __main__ - INFO - [TRAIN] Starting computation of 240 tasks...
2025-11-16 02:34:37 - __main__ - INFO - [TRAIN] Progress: 50/240 tasks (20.8%) | Rate: 2.5 tasks/sec | ETA: 75s
2025-11-16 02:35:01 - __main__ - INFO - [TRAIN] Progress: 100/240 tasks (41.7%) | Rate: 2.3 tasks/sec | ETA: 60s
2025-11-16 02:35:02 - __main__ - INFO - [TRAIN] Progress: 150/240 tasks (62.5%) | Rate: 3.4 tasks/sec | ETA: 26s
2025-11-16 02:35:02 - __main__ - INFO - [TRAIN] Progress: 200/240 tasks (83.3%) | Rate: 4.5 tasks/sec | ETA: 9s
2025-11-16 02:35:02 - __main__ - INFO - [TRAIN] Progress: 240/240 tasks (100.0%) | Rate: 5.4 tasks/sec | ETA: 0s
2025-11-16 02:35:02 - __main__ - INFO - [TRAIN] Progress: 250/240 tasks (104.2%) | Rate: 5.6 tasks/sec | ETA: -2s
2025-11-16 02:35:02 - __main__ - INFO - [TRAIN] Progress: 300/240 tasks (125.0%) | Rate: 6.7 tasks/sec | ETA: -9s
2025-11-16 02:35:02 - __main__ - INFO - [TRAIN] Progress: 350/240 tasks (145.8%) | Rate: 7.8 tasks/sec | ETA: -14s
2025-11-16 02:35:02 - __main__ - INFO - [TRAIN] Progress: 400/240 tasks (166.7%) | Rate: 8.9 tasks/sec | ETA: -18s
2025-11-16 02:35:03 - __main__ - INFO - [TRAIN] Progress: 450/240 tasks (187.5%) | Rate: 10.0 tasks/sec | ETA: -21s
2025-11-16 02:35:03 - __main__ - INFO - [TRAIN] Progress: 500/240 tasks (208.3%) | Rate: 11.1 tasks/sec | ETA: -23s
2025-11-16 02:35:03 - __main__ - INFO - [TRAIN] Progress: 550/240 tasks (229.2%) | Rate: 12.2 tasks/sec | ETA: -25s
2025-11-16 02:35:03 - __main__ - INFO - [TRAIN] Progress: 600/240 tasks (250.0%) | Rate: 13.3 tasks/sec | ETA: -27s
2025-11-16 02:35:03 - __main__ - INFO - [TRAIN] Progress: 650/240 tasks (270.8%) | Rate: 14.4 tasks/sec | ETA: -28s
2025-11-16 02:35:03 - __main__ - INFO - [TRAIN] Progress: 700/240 tasks (291.7%) | Rate: 15.5 tasks/sec | ETA: -30s
2025-11-16 02:35:03 - __main__ - INFO - [TRAIN] Progress: 750/240 tasks (312.5%) | Rate: 16.5 tasks/sec | ETA: -31s
2025-11-16 02:35:04 - __main__ - INFO - [TRAIN] Progress: 800/240 tasks (333.3%) | Rate: 17.4 tasks/sec | ETA: -32s
2025-11-16 02:35:15 - __main__ - INFO - [TRAIN] Progress: 850/240 tasks (354.2%) | Rate: 14.8 tasks/sec | ETA: -41s
2025-11-16 02:35:22 - __main__ - INFO - [TRAIN] Progress: 900/240 tasks (375.0%) | Rate: 13.9 tasks/sec | ETA: -48s
2025-11-16 02:35:23 - __main__ - INFO - [TRAIN] Progress: 950/240 tasks (395.8%) | Rate: 14.5 tasks/sec | ETA: -49s
2025-11-16 02:35:23 - __main__ - INFO - [TRAIN] Progress: 1000/240 tasks (416.7%) | Rate: 15.2 tasks/sec | ETA: -50s
2025-11-16 02:35:23 - __main__ - INFO - [TRAIN] Progress: 1050/240 tasks (437.5%) | Rate: 15.9 tasks/sec | ETA: -51s
2025-11-16 02:35:24 - __main__ - INFO - [TRAIN] Progress: 1100/240 tasks (458.3%) | Rate: 16.7 tasks/sec | ETA: -51s
2025-11-16 02:35:24 - __main__ - INFO - [TRAIN] Progress: 1150/240 tasks (479.2%) | Rate: 17.4 tasks/sec | ETA: -52s
2025-11-16 02:35:24 - __main__ - INFO - [TRAIN] Progress: 1200/240 tasks (500.0%) | Rate: 18.2 tasks/sec | ETA: -53s
2025-11-16 02:35:24 - __main__ - INFO - [TRAIN] Progress: 1250/240 tasks (520.8%) | Rate: 18.9 tasks/sec | ETA: -53s
2025-11-16 02:35:24 - __main__ - INFO - [TRAIN] Progress: 1300/240 tasks (541.7%) | Rate: 19.6 tasks/sec | ETA: -54s
2025-11-16 02:35:24 - __main__ - INFO - [TRAIN] Progress: 1350/240 tasks (562.5%) | Rate: 20.4 tasks/sec | ETA: -54s
2025-11-16 02:35:24 - __main__ - INFO - [TRAIN] Progress: 1400/240 tasks (583.3%) | Rate: 21.1 tasks/sec | ETA: -55s
2025-11-16 02:35:24 - __main__ - INFO - [TRAIN] Progress: 1450/240 tasks (604.2%) | Rate: 21.9 tasks/sec | ETA: -55s
2025-11-16 02:35:24 - __main__ - INFO - [TRAIN] Progress: 1500/240 tasks (625.0%) | Rate: 22.6 tasks/sec | ETA: -56s
2025-11-16 02:35:24 - __main__ - INFO - [TRAIN] Progress: 1550/240 tasks (645.8%) | Rate: 23.4 tasks/sec | ETA: -56s
2025-11-16 02:35:24 - __main__ - INFO - [TRAIN] Progress: 1600/240 tasks (666.7%) | Rate: 24.1 tasks/sec | ETA: -56s
2025-11-16 02:35:24 - __main__ - INFO - [TRAIN] Progress: 1650/240 tasks (687.5%) | Rate: 24.9 tasks/sec | ETA: -57s
2025-11-16 02:35:24 - __main__ - INFO - [TRAIN] Progress: 1700/240 tasks (708.3%) | Rate: 25.6 tasks/sec | ETA: -57s
2025-11-16 02:35:24 - __main__ - INFO - [TRAIN] Progress: 1750/240 tasks (729.2%) | Rate: 26.4 tasks/sec | ETA: -57s
2025-11-16 02:35:24 - __main__ - INFO - [TRAIN] Progress: 1800/240 tasks (750.0%) | Rate: 27.1 tasks/sec | ETA: -58s
2025-11-16 02:35:24 - __main__ - INFO - [TRAIN] Progress: 1850/240 tasks (770.8%) | Rate: 27.9 tasks/sec | ETA: -58s
2025-11-16 02:35:24 - __main__ - INFO - [TRAIN] Progress: 1900/240 tasks (791.7%) | Rate: 28.6 tasks/sec | ETA: -58s
2025-11-16 02:35:25 - __main__ - INFO - [TRAIN] Progress: 1950/240 tasks (812.5%) | Rate: 28.8 tasks/sec | ETA: -59s
2025-11-16 02:35:26 - __main__ - INFO - [TRAIN] Progress: 2000/240 tasks (833.3%) | Rate: 29.1 tasks/sec | ETA: -60s
2025-11-16 02:35:27 - __main__ - INFO - [TRAIN] Progress: 2050/240 tasks (854.2%) | Rate: 29.4 tasks/sec | ETA: -62s
2025-11-16 02:35:30 - __main__ - INFO - [TRAIN] Progress: 2100/240 tasks (875.0%) | Rate: 29.1 tasks/sec | ETA: -64s
2025-11-16 02:35:31 - __main__ - INFO - [TRAIN] Progress: 2150/240 tasks (895.8%) | Rate: 29.1 tasks/sec | ETA: -66s
2025-11-16 02:35:45 - __main__ - INFO - [TRAIN] Progress: 2200/240 tasks (916.7%) | Rate: 25.3 tasks/sec | ETA: -78s
2025-11-16 02:35:49 - __main__ - INFO - [TRAIN] Progress: 2250/240 tasks (937.5%) | Rate: 24.7 tasks/sec | ETA: -81s
2025-11-16 02:35:51 - __main__ - INFO - [TRAIN] Progress: 2300/240 tasks (958.3%) | Rate: 24.6 tasks/sec | ETA: -84s
2025-11-16 02:35:54 - __main__ - INFO - [TRAIN] Progress: 2350/240 tasks (979.2%) | Rate: 24.4 tasks/sec | ETA: -87s
2025-11-16 02:35:59 - __main__ - INFO - [TRAIN] Progress: 2400/240 tasks (1000.0%) | Rate: 23.8 tasks/sec | ETA: -91s
2025-11-16 02:36:05 - __main__ - INFO - [TRAIN] Progress: 2450/240 tasks (1020.8%) | Rate: 22.7 tasks/sec | ETA: -97s
