2025-11-16 02:18:03 - __main__ - INFO - ================================================================================
2025-11-16 02:18:03 - __main__ - INFO - TEACHER TRAINING PIPELINE
2025-11-16 02:18:03 - __main__ - INFO - ================================================================================
2025-11-16 02:18:03 - __main__ - INFO - Mode: subset
2025-11-16 02:18:03 - __main__ - INFO - 
================================================================================
2025-11-16 02:18:03 - __main__ - INFO - STEP 1: Loading Data
2025-11-16 02:18:03 - __main__ - INFO - ================================================================================
2025-11-16 02:18:03 - __main__ - INFO - Training on 1 day(s) of data
2025-11-16 02:18:03 - __main__ - INFO - Train period: 2025-10-01-00-00 to 2025-10-01-23-00
2025-11-16 02:18:03 - src.data.loader - INFO - Reading parquet from /home/bigweld/Repos/FME-UPC-datathon-2025/data/raw/train/train with filters=[('datetime', '>=', '2025-10-01-00-00'), ('datetime', '<=', '2025-10-01-23-00')]
2025-11-16 02:18:03 - src.data.loader - INFO - Loaded 24 partitions (lazy)
2025-11-16 02:18:03 - src.data.loader - INFO - Reading parquet from /home/bigweld/Repos/FME-UPC-datathon-2025/data/raw/train/train with filters=[('datetime', '>=', '2025-10-06-00-00'), ('datetime', '<=', '2025-10-06-23-00')]
2025-11-16 02:18:03 - src.data.loader - INFO - Loaded 24 partitions (lazy)
2025-11-16 02:18:03 - src.data.loader - INFO - Train partitions: 24 | Validation partitions: 24
2025-11-16 02:18:03 - __main__ - INFO - Train partitions: 24
2025-11-16 02:18:03 - __main__ - INFO - Val partitions: 24
2025-11-16 02:18:03 - __main__ - INFO - 
================================================================================
2025-11-16 02:18:03 - __main__ - INFO - STEP 2: Generating Lookup Tables
2025-11-16 02:18:03 - __main__ - INFO - ================================================================================
2025-11-16 02:18:03 - src.features.lookup_tables - INFO - Generating lookup tables from training data...
2025-11-16 02:18:03 - src.features.lookup_tables - INFO - Computing bundle-level statistics...
2025-11-16 02:18:03 - src.features.lookup_tables - INFO -   bundle: 493 groups
2025-11-16 02:18:03 - src.features.lookup_tables - INFO -   Saved to /home/bigweld/Repos/FME-UPC-datathon-2025/data/processed/lookup_tables/bundle_stats.json
2025-11-16 02:18:03 - src.features.lookup_tables - INFO - Computing category-level statistics...
2025-11-16 02:18:04 - src.features.lookup_tables - INFO -   category: 21 groups
2025-11-16 02:18:04 - src.features.lookup_tables - INFO -   Saved to /home/bigweld/Repos/FME-UPC-datathon-2025/data/processed/lookup_tables/category_stats.json
2025-11-16 02:18:04 - src.features.lookup_tables - INFO - Computing country-level statistics...
2025-11-16 02:18:04 - src.features.lookup_tables - INFO -   country: 235 groups
2025-11-16 02:18:04 - src.features.lookup_tables - INFO -   Saved to /home/bigweld/Repos/FME-UPC-datathon-2025/data/processed/lookup_tables/country_stats.json
2025-11-16 02:18:04 - src.features.lookup_tables - INFO - Computing segment-level statistics (country × dev_os)...
2025-11-16 02:18:05 - src.features.lookup_tables - INFO -   segment: 470 groups
2025-11-16 02:18:05 - src.features.lookup_tables - INFO -   Saved to /home/bigweld/Repos/FME-UPC-datathon-2025/data/processed/lookup_tables/segment_stats.json
2025-11-16 02:18:05 - src.features.lookup_tables - INFO - ✅ Generated 4 lookup tables in /home/bigweld/Repos/FME-UPC-datathon-2025/data/processed/lookup_tables
2025-11-16 02:18:05 - __main__ - INFO - 
================================================================================
2025-11-16 02:18:05 - __main__ - INFO - STEP 3: Building Offline Features
2025-11-16 02:18:05 - __main__ - INFO - ================================================================================
2025-11-16 02:18:05 - __main__ - INFO - Building features for training data...
2025-11-16 02:18:05 - src.features.offline - INFO - Building offline features (rich features for teachers)...
2025-11-16 02:18:05 - src.features.offline - INFO - Step 1/6: Building online features...
2025-11-16 02:18:05 - src.features.online - INFO - Building online features (fast features for students)...
2025-11-16 02:18:05 - src.features.online - INFO - Extracting list/dict aggregates...
2025-11-16 02:18:05 - src.features.online - INFO - Encoding hour cyclically (sin/cos)...
2025-11-16 02:18:05 - src.features.online - INFO - Adding lookup table features...
2025-11-16 02:18:05 - src.features.online - INFO - Fitting ordinal encoders for categorical features...
2025-11-16 02:18:05 - src.features.online - INFO - Sampling data to fit encoders (computing first partition)...
2025-11-16 02:18:08 - src.features.online - INFO - Fitted 11 encoders from sample data
2025-11-16 02:18:08 - src.features.online - INFO - Applying encoders to categorical features...
2025-11-16 02:18:08 - src.features.online - INFO - Filling missing values...
2025-11-16 02:18:08 - src.features.online - INFO - ✅ Online features built: 43 features
2025-11-16 02:18:08 - src.features.offline - INFO - Step 2/6: Merging with original data for complex columns...
2025-11-16 02:18:08 - src.features.offline - INFO - Added 28 complex columns for feature extraction
2025-11-16 02:18:08 - src.features.offline - INFO - Step 3/6: Extracting histogram features...
2025-11-16 02:18:08 - src.features.offline - INFO - Step 4/6: Extracting revenue/buy map features...
2025-11-16 02:18:08 - src.features.offline - INFO - Step 5/6: Extracting whale features...
2025-11-16 02:18:08 - src.features.offline - INFO - Step 6/6: Extracting recency features...
2025-11-16 02:18:08 - src.features.offline - INFO - Extracting action features...
2025-11-16 02:18:08 - src.features.offline - INFO - Dropping complex columns...
2025-11-16 02:18:08 - src.features.offline - INFO - Filling missing values...
2025-11-16 02:18:08 - src.features.offline - INFO - ✅ Offline features built: 103 features
2025-11-16 02:18:08 - __main__ - INFO - Building features for validation data...
2025-11-16 02:18:08 - src.features.offline - INFO - Building offline features (rich features for teachers)...
2025-11-16 02:18:08 - src.features.offline - INFO - Step 1/6: Building online features...
2025-11-16 02:18:08 - src.features.online - INFO - Building online features (fast features for students)...
2025-11-16 02:18:08 - src.features.online - INFO - Extracting list/dict aggregates...
2025-11-16 02:18:08 - src.features.online - INFO - Encoding hour cyclically (sin/cos)...
2025-11-16 02:18:08 - src.features.online - INFO - Adding lookup table features...
2025-11-16 02:18:08 - src.features.online - INFO - Applying encoders to categorical features...
2025-11-16 02:18:08 - src.features.online - INFO - Filling missing values...
2025-11-16 02:18:08 - src.features.online - INFO - ✅ Online features built: 43 features
2025-11-16 02:18:08 - src.features.offline - INFO - Step 2/6: Merging with original data for complex columns...
2025-11-16 02:18:08 - src.features.offline - INFO - Added 28 complex columns for feature extraction
2025-11-16 02:18:08 - src.features.offline - INFO - Step 3/6: Extracting histogram features...
2025-11-16 02:18:08 - src.features.offline - INFO - Step 4/6: Extracting revenue/buy map features...
2025-11-16 02:18:08 - src.features.offline - INFO - Step 5/6: Extracting whale features...
2025-11-16 02:18:08 - src.features.offline - INFO - Step 6/6: Extracting recency features...
2025-11-16 02:18:08 - src.features.offline - INFO - Extracting action features...
2025-11-16 02:18:08 - src.features.offline - INFO - Dropping complex columns...
2025-11-16 02:18:08 - src.features.offline - INFO - Filling missing values...
2025-11-16 02:18:08 - src.features.offline - INFO - ✅ Offline features built: 103 features
2025-11-16 02:18:08 - __main__ - INFO - ✅ Saved encoders to /home/bigweld/Repos/FME-UPC-datathon-2025/data/processed/encoders/online_encoders.pkl
2025-11-16 02:18:08 - __main__ - INFO - Computing features (this processes all partitions once)...
2025-11-16 02:18:08 - __main__ - INFO - Training: 24 partitions to process
2025-11-16 02:18:08 - __main__ - INFO - Validation: 24 partitions to process
2025-11-16 02:18:08 - __main__ - INFO - Progress: Computing training features...
2025-11-16 02:18:09 - __main__ - INFO - [TRAIN] Starting computation of 240 tasks...
2025-11-16 02:18:28 - __main__ - INFO - [TRAIN] Progress: 50/240 tasks (20.8%) | Rate: 2.6 tasks/sec | ETA: 72s
2025-11-16 02:18:52 - __main__ - INFO - [TRAIN] Progress: 100/240 tasks (41.7%) | Rate: 2.3 tasks/sec | ETA: 60s
2025-11-16 02:18:52 - __main__ - INFO - [TRAIN] Progress: 150/240 tasks (62.5%) | Rate: 3.5 tasks/sec | ETA: 26s
2025-11-16 02:18:52 - __main__ - INFO - [TRAIN] Progress: 200/240 tasks (83.3%) | Rate: 4.6 tasks/sec | ETA: 9s
2025-11-16 02:18:52 - __main__ - INFO - [TRAIN] Progress: 240/240 tasks (100.0%) | Rate: 5.5 tasks/sec | ETA: 0s
2025-11-16 02:18:52 - __main__ - INFO - [TRAIN] Progress: 250/240 tasks (104.2%) | Rate: 5.8 tasks/sec | ETA: -2s
2025-11-16 02:18:52 - __main__ - INFO - [TRAIN] Progress: 300/240 tasks (125.0%) | Rate: 6.9 tasks/sec | ETA: -9s
2025-11-16 02:18:52 - __main__ - INFO - [TRAIN] Progress: 350/240 tasks (145.8%) | Rate: 8.0 tasks/sec | ETA: -14s
2025-11-16 02:18:52 - __main__ - INFO - [TRAIN] Progress: 400/240 tasks (166.7%) | Rate: 9.2 tasks/sec | ETA: -17s
2025-11-16 02:18:52 - __main__ - INFO - [TRAIN] Progress: 450/240 tasks (187.5%) | Rate: 10.3 tasks/sec | ETA: -20s
2025-11-16 02:18:52 - __main__ - INFO - [TRAIN] Progress: 500/240 tasks (208.3%) | Rate: 11.5 tasks/sec | ETA: -23s
2025-11-16 02:18:52 - __main__ - INFO - [TRAIN] Progress: 550/240 tasks (229.2%) | Rate: 12.6 tasks/sec | ETA: -25s
2025-11-16 02:18:52 - __main__ - INFO - [TRAIN] Progress: 600/240 tasks (250.0%) | Rate: 13.7 tasks/sec | ETA: -26s
2025-11-16 02:18:52 - __main__ - INFO - [TRAIN] Progress: 650/240 tasks (270.8%) | Rate: 14.9 tasks/sec | ETA: -28s
2025-11-16 02:18:52 - __main__ - INFO - [TRAIN] Progress: 700/240 tasks (291.7%) | Rate: 16.0 tasks/sec | ETA: -29s
2025-11-16 02:18:52 - __main__ - INFO - [TRAIN] Progress: 750/240 tasks (312.5%) | Rate: 17.1 tasks/sec | ETA: -30s
2025-11-16 02:18:53 - __main__ - INFO - [TRAIN] Progress: 800/240 tasks (333.3%) | Rate: 18.1 tasks/sec | ETA: -31s
2025-11-16 02:19:05 - __main__ - INFO - [TRAIN] Progress: 850/240 tasks (354.2%) | Rate: 15.2 tasks/sec | ETA: -40s
2025-11-16 02:19:12 - __main__ - INFO - [TRAIN] Progress: 900/240 tasks (375.0%) | Rate: 14.3 tasks/sec | ETA: -46s
2025-11-16 02:19:13 - __main__ - INFO - [TRAIN] Progress: 950/240 tasks (395.8%) | Rate: 14.8 tasks/sec | ETA: -48s
2025-11-16 02:19:13 - __main__ - INFO - [TRAIN] Progress: 1000/240 tasks (416.7%) | Rate: 15.4 tasks/sec | ETA: -49s
2025-11-16 02:19:14 - __main__ - INFO - [TRAIN] Progress: 1050/240 tasks (437.5%) | Rate: 16.2 tasks/sec | ETA: -50s
2025-11-16 02:19:14 - __main__ - INFO - [TRAIN] Progress: 1100/240 tasks (458.3%) | Rate: 17.0 tasks/sec | ETA: -51s
2025-11-16 02:19:14 - __main__ - INFO - [TRAIN] Progress: 1150/240 tasks (479.2%) | Rate: 17.7 tasks/sec | ETA: -51s
2025-11-16 02:19:14 - __main__ - INFO - [TRAIN] Progress: 1200/240 tasks (500.0%) | Rate: 18.4 tasks/sec | ETA: -52s
2025-11-16 02:19:14 - __main__ - INFO - [TRAIN] Progress: 1250/240 tasks (520.8%) | Rate: 19.2 tasks/sec | ETA: -53s
2025-11-16 02:19:14 - __main__ - INFO - [TRAIN] Progress: 1300/240 tasks (541.7%) | Rate: 20.0 tasks/sec | ETA: -53s
2025-11-16 02:19:14 - __main__ - INFO - [TRAIN] Progress: 1350/240 tasks (562.5%) | Rate: 20.7 tasks/sec | ETA: -54s
2025-11-16 02:19:14 - __main__ - INFO - [TRAIN] Progress: 1400/240 tasks (583.3%) | Rate: 21.5 tasks/sec | ETA: -54s
2025-11-16 02:19:14 - __main__ - INFO - [TRAIN] Progress: 1450/240 tasks (604.2%) | Rate: 22.3 tasks/sec | ETA: -54s
2025-11-16 02:19:14 - __main__ - INFO - [TRAIN] Progress: 1500/240 tasks (625.0%) | Rate: 23.0 tasks/sec | ETA: -55s
2025-11-16 02:19:14 - __main__ - INFO - [TRAIN] Progress: 1550/240 tasks (645.8%) | Rate: 23.8 tasks/sec | ETA: -55s
2025-11-16 02:19:14 - __main__ - INFO - [TRAIN] Progress: 1600/240 tasks (666.7%) | Rate: 24.5 tasks/sec | ETA: -56s
2025-11-16 02:19:14 - __main__ - INFO - [TRAIN] Progress: 1650/240 tasks (687.5%) | Rate: 25.3 tasks/sec | ETA: -56s
2025-11-16 02:19:14 - __main__ - INFO - [TRAIN] Progress: 1700/240 tasks (708.3%) | Rate: 26.0 tasks/sec | ETA: -56s
2025-11-16 02:19:14 - __main__ - INFO - [TRAIN] Progress: 1750/240 tasks (729.2%) | Rate: 26.7 tasks/sec | ETA: -57s
2025-11-16 02:19:14 - __main__ - INFO - [TRAIN] Progress: 1800/240 tasks (750.0%) | Rate: 27.5 tasks/sec | ETA: -57s
2025-11-16 02:19:14 - __main__ - INFO - [TRAIN] Progress: 1850/240 tasks (770.8%) | Rate: 28.2 tasks/sec | ETA: -57s
2025-11-16 02:19:14 - __main__ - INFO - [TRAIN] Progress: 1900/240 tasks (791.7%) | Rate: 29.0 tasks/sec | ETA: -57s
2025-11-16 02:19:14 - __main__ - INFO - [TRAIN] Progress: 1950/240 tasks (812.5%) | Rate: 29.7 tasks/sec | ETA: -57s
2025-11-16 02:19:14 - __main__ - INFO - [TRAIN] Progress: 2000/240 tasks (833.3%) | Rate: 30.5 tasks/sec | ETA: -58s
2025-11-16 02:19:14 - __main__ - INFO - [TRAIN] Progress: 2050/240 tasks (854.2%) | Rate: 31.2 tasks/sec | ETA: -58s
2025-11-16 02:19:14 - __main__ - INFO - [TRAIN] Progress: 2100/240 tasks (875.0%) | Rate: 31.9 tasks/sec | ETA: -58s
2025-11-16 02:19:14 - __main__ - INFO - [TRAIN] Progress: 2150/240 tasks (895.8%) | Rate: 32.6 tasks/sec | ETA: -59s
2025-11-16 02:19:36 - __main__ - INFO - [TRAIN] Progress: 2200/240 tasks (916.7%) | Rate: 25.1 tasks/sec | ETA: -78s
2025-11-16 02:20:04 - __main__ - INFO - [TRAIN] Progress: 2250/240 tasks (937.5%) | Rate: 19.6 tasks/sec | ETA: -103s
2025-11-16 02:20:05 - __main__ - INFO - [TRAIN] Progress: 2300/240 tasks (958.3%) | Rate: 19.8 tasks/sec | ETA: -104s
2025-11-16 02:20:05 - __main__ - INFO - [TRAIN] Progress: 2350/240 tasks (979.2%) | Rate: 20.2 tasks/sec | ETA: -105s
2025-11-16 02:20:05 - __main__ - INFO - [TRAIN] Progress: 2400/240 tasks (1000.0%) | Rate: 20.6 tasks/sec | ETA: -105s
2025-11-16 02:20:05 - __main__ - INFO - [TRAIN] Progress: 2450/240 tasks (1020.8%) | Rate: 21.0 tasks/sec | ETA: -105s
2025-11-16 02:20:06 - __main__ - INFO - [TRAIN] Progress: 2500/240 tasks (1041.7%) | Rate: 21.4 tasks/sec | ETA: -106s
2025-11-16 02:20:06 - __main__ - INFO - [TRAIN] Progress: 2550/240 tasks (1062.5%) | Rate: 21.8 tasks/sec | ETA: -106s
2025-11-16 02:20:06 - __main__ - INFO - [TRAIN] Progress: 2600/240 tasks (1083.3%) | Rate: 22.2 tasks/sec | ETA: -106s
2025-11-16 02:20:06 - __main__ - INFO - [TRAIN] Progress: 2650/240 tasks (1104.2%) | Rate: 22.6 tasks/sec | ETA: -107s
2025-11-16 02:20:06 - __main__ - INFO - [TRAIN] Progress: 2700/240 tasks (1125.0%) | Rate: 23.0 tasks/sec | ETA: -107s
2025-11-16 02:20:06 - __main__ - INFO - [TRAIN] Progress: 2750/240 tasks (1145.8%) | Rate: 23.4 tasks/sec | ETA: -107s
2025-11-16 02:20:06 - __main__ - INFO - [TRAIN] Progress: 2800/240 tasks (1166.7%) | Rate: 23.8 tasks/sec | ETA: -107s
2025-11-16 02:20:06 - __main__ - INFO - [TRAIN] Progress: 2850/240 tasks (1187.5%) | Rate: 24.3 tasks/sec | ETA: -108s
2025-11-16 02:20:06 - __main__ - INFO - [TRAIN] Progress: 2900/240 tasks (1208.3%) | Rate: 24.6 tasks/sec | ETA: -108s
2025-11-16 02:20:07 - __main__ - INFO - [TRAIN] Progress: 2950/240 tasks (1229.2%) | Rate: 25.0 tasks/sec | ETA: -108s
2025-11-16 02:20:21 - __main__ - INFO - [TRAIN] Progress: 3000/240 tasks (1250.0%) | Rate: 22.6 tasks/sec | ETA: -122s
2025-11-16 02:20:30 - __main__ - INFO - [TRAIN] Progress: 3050/240 tasks (1270.8%) | Rate: 21.6 tasks/sec | ETA: -130s
2025-11-16 02:20:31 - __main__ - INFO - [TRAIN] Progress: 3100/240 tasks (1291.7%) | Rate: 21.8 tasks/sec | ETA: -131s
2025-11-16 02:20:31 - __main__ - INFO - [TRAIN] Progress: 3150/240 tasks (1312.5%) | Rate: 22.1 tasks/sec | ETA: -132s
2025-11-16 02:20:31 - __main__ - INFO - [TRAIN] Progress: 3200/240 tasks (1333.3%) | Rate: 22.4 tasks/sec | ETA: -132s
2025-11-16 02:20:31 - __main__ - INFO - [TRAIN] Progress: 3250/240 tasks (1354.2%) | Rate: 22.7 tasks/sec | ETA: -132s
2025-11-16 02:20:32 - __main__ - INFO - [TRAIN] Progress: 3300/240 tasks (1375.0%) | Rate: 23.1 tasks/sec | ETA: -133s
2025-11-16 02:20:32 - __main__ - INFO - [TRAIN] Progress: 3350/240 tasks (1395.8%) | Rate: 23.4 tasks/sec | ETA: -133s
2025-11-16 02:20:32 - __main__ - INFO - [TRAIN] Progress: 3400/240 tasks (1416.7%) | Rate: 23.7 tasks/sec | ETA: -133s
2025-11-16 02:20:32 - __main__ - INFO - [TRAIN] Progress: 3450/240 tasks (1437.5%) | Rate: 24.1 tasks/sec | ETA: -133s
2025-11-16 02:20:33 - __main__ - INFO - [TRAIN] Progress: 3500/240 tasks (1458.3%) | Rate: 24.3 tasks/sec | ETA: -134s
2025-11-16 02:20:33 - __main__ - INFO - [TRAIN] Progress: 3550/240 tasks (1479.2%) | Rate: 24.6 tasks/sec | ETA: -134s
2025-11-16 02:20:33 - __main__ - INFO - [TRAIN] Progress: 3600/240 tasks (1500.0%) | Rate: 25.0 tasks/sec | ETA: -135s
2025-11-16 02:20:33 - __main__ - INFO - [TRAIN] Progress: 3650/240 tasks (1520.8%) | Rate: 25.3 tasks/sec | ETA: -135s
2025-11-16 02:20:33 - __main__ - INFO - [TRAIN] Progress: 3700/240 tasks (1541.7%) | Rate: 25.6 tasks/sec | ETA: -135s
2025-11-16 02:20:33 - __main__ - INFO - [TRAIN] Progress: 3750/240 tasks (1562.5%) | Rate: 26.0 tasks/sec | ETA: -135s
2025-11-16 02:20:33 - __main__ - INFO - [TRAIN] Progress: 3800/240 tasks (1583.3%) | Rate: 26.3 tasks/sec | ETA: -135s
2025-11-16 02:20:33 - __main__ - INFO - [TRAIN] Progress: 3850/240 tasks (1604.2%) | Rate: 26.7 tasks/sec | ETA: -135s
2025-11-16 02:20:33 - __main__ - INFO - [TRAIN] Progress: 3900/240 tasks (1625.0%) | Rate: 27.0 tasks/sec | ETA: -136s
2025-11-16 02:20:33 - __main__ - INFO - [TRAIN] Progress: 3950/240 tasks (1645.8%) | Rate: 27.4 tasks/sec | ETA: -136s
2025-11-16 02:20:33 - __main__ - INFO - [TRAIN] Progress: 4000/240 tasks (1666.7%) | Rate: 27.7 tasks/sec | ETA: -136s
2025-11-16 02:20:33 - __main__ - INFO - [TRAIN] Progress: 4050/240 tasks (1687.5%) | Rate: 28.0 tasks/sec | ETA: -136s
2025-11-16 02:20:33 - __main__ - INFO - [TRAIN] Progress: 4100/240 tasks (1708.3%) | Rate: 28.4 tasks/sec | ETA: -136s
2025-11-16 02:20:33 - __main__ - INFO - [TRAIN] Progress: 4150/240 tasks (1729.2%) | Rate: 28.7 tasks/sec | ETA: -136s
2025-11-16 02:20:33 - __main__ - INFO - [TRAIN] Progress: 4200/240 tasks (1750.0%) | Rate: 29.1 tasks/sec | ETA: -136s
2025-11-16 02:20:33 - __main__ - INFO - [TRAIN] Progress: 4250/240 tasks (1770.8%) | Rate: 29.4 tasks/sec | ETA: -136s
2025-11-16 02:20:34 - __main__ - INFO - [TRAIN] Completed in 145.0s
2025-11-16 02:20:34 - __main__ - INFO - ✅ Training features computed: (3347176, 103)
2025-11-16 02:20:34 - __main__ - INFO - Progress: Computing validation features...
2025-11-16 02:20:34 - __main__ - INFO - [VAL] Starting computation of 240 tasks...
2025-11-16 02:20:51 - __main__ - INFO - [VAL] Progress: 50/240 tasks (20.8%) | Rate: 3.0 tasks/sec | ETA: 64s
2025-11-16 02:21:14 - __main__ - INFO - [VAL] Progress: 100/240 tasks (41.7%) | Rate: 2.5 tasks/sec | ETA: 56s
2025-11-16 02:21:14 - __main__ - INFO - [VAL] Progress: 150/240 tasks (62.5%) | Rate: 3.7 tasks/sec | ETA: 24s
2025-11-16 02:21:15 - __main__ - INFO - [VAL] Progress: 200/240 tasks (83.3%) | Rate: 4.9 tasks/sec | ETA: 8s
2025-11-16 02:21:15 - __main__ - INFO - [VAL] Progress: 240/240 tasks (100.0%) | Rate: 5.8 tasks/sec | ETA: 0s
2025-11-16 02:21:15 - __main__ - INFO - [VAL] Progress: 250/240 tasks (104.2%) | Rate: 6.1 tasks/sec | ETA: -2s
2025-11-16 02:21:15 - __main__ - INFO - [VAL] Progress: 300/240 tasks (125.0%) | Rate: 7.3 tasks/sec | ETA: -8s
2025-11-16 02:21:15 - __main__ - INFO - [VAL] Progress: 350/240 tasks (145.8%) | Rate: 8.5 tasks/sec | ETA: -13s
2025-11-16 02:21:15 - __main__ - INFO - [VAL] Progress: 400/240 tasks (166.7%) | Rate: 9.6 tasks/sec | ETA: -17s
2025-11-16 02:21:15 - __main__ - INFO - [VAL] Progress: 450/240 tasks (187.5%) | Rate: 10.8 tasks/sec | ETA: -19s
2025-11-16 02:21:15 - __main__ - INFO - [VAL] Progress: 500/240 tasks (208.3%) | Rate: 12.0 tasks/sec | ETA: -22s
2025-11-16 02:21:15 - __main__ - INFO - [VAL] Progress: 550/240 tasks (229.2%) | Rate: 13.2 tasks/sec | ETA: -23s
2025-11-16 02:21:15 - __main__ - INFO - [VAL] Progress: 600/240 tasks (250.0%) | Rate: 14.4 tasks/sec | ETA: -25s
2025-11-16 02:21:15 - __main__ - INFO - [VAL] Progress: 650/240 tasks (270.8%) | Rate: 15.6 tasks/sec | ETA: -26s
2025-11-16 02:21:15 - __main__ - INFO - [VAL] Progress: 700/240 tasks (291.7%) | Rate: 16.8 tasks/sec | ETA: -27s
2025-11-16 02:21:16 - __main__ - INFO - [VAL] Progress: 750/240 tasks (312.5%) | Rate: 17.9 tasks/sec | ETA: -28s
2025-11-16 02:21:16 - __main__ - INFO - [VAL] Progress: 800/240 tasks (333.3%) | Rate: 18.9 tasks/sec | ETA: -30s
2025-11-16 02:21:27 - __main__ - INFO - [VAL] Progress: 850/240 tasks (354.2%) | Rate: 15.8 tasks/sec | ETA: -39s
2025-11-16 02:21:35 - __main__ - INFO - [VAL] Progress: 900/240 tasks (375.0%) | Rate: 14.8 tasks/sec | ETA: -45s
2025-11-16 02:21:35 - __main__ - INFO - [VAL] Progress: 950/240 tasks (395.8%) | Rate: 15.5 tasks/sec | ETA: -46s
2025-11-16 02:21:35 - __main__ - INFO - [VAL] Progress: 1000/240 tasks (416.7%) | Rate: 16.2 tasks/sec | ETA: -47s
2025-11-16 02:21:36 - __main__ - INFO - [VAL] Progress: 1050/240 tasks (437.5%) | Rate: 17.0 tasks/sec | ETA: -48s
2025-11-16 02:21:36 - __main__ - INFO - [VAL] Progress: 1100/240 tasks (458.3%) | Rate: 17.6 tasks/sec | ETA: -49s
2025-11-16 02:21:36 - __main__ - INFO - [VAL] Progress: 1150/240 tasks (479.2%) | Rate: 18.4 tasks/sec | ETA: -50s
2025-11-16 02:21:36 - __main__ - INFO - [VAL] Progress: 1200/240 tasks (500.0%) | Rate: 19.2 tasks/sec | ETA: -50s
2025-11-16 02:21:37 - __main__ - INFO - [VAL] Progress: 1250/240 tasks (520.8%) | Rate: 19.9 tasks/sec | ETA: -51s
2025-11-16 02:21:37 - __main__ - INFO - [VAL] Progress: 1300/240 tasks (541.7%) | Rate: 20.7 tasks/sec | ETA: -51s
2025-11-16 02:21:37 - __main__ - INFO - [VAL] Progress: 1350/240 tasks (562.5%) | Rate: 21.4 tasks/sec | ETA: -52s
2025-11-16 02:21:37 - __main__ - INFO - [VAL] Progress: 1400/240 tasks (583.3%) | Rate: 22.2 tasks/sec | ETA: -52s
2025-11-16 02:21:37 - __main__ - INFO - [VAL] Progress: 1450/240 tasks (604.2%) | Rate: 23.0 tasks/sec | ETA: -53s
2025-11-16 02:21:37 - __main__ - INFO - [VAL] Progress: 1500/240 tasks (625.0%) | Rate: 23.8 tasks/sec | ETA: -53s
2025-11-16 02:21:37 - __main__ - INFO - [VAL] Progress: 1550/240 tasks (645.8%) | Rate: 24.6 tasks/sec | ETA: -53s
2025-11-16 02:21:37 - __main__ - INFO - [VAL] Progress: 1600/240 tasks (666.7%) | Rate: 25.4 tasks/sec | ETA: -54s
2025-11-16 02:21:37 - __main__ - INFO - [VAL] Progress: 1650/240 tasks (687.5%) | Rate: 26.2 tasks/sec | ETA: -54s
2025-11-16 02:21:37 - __main__ - INFO - [VAL] Progress: 1700/240 tasks (708.3%) | Rate: 27.0 tasks/sec | ETA: -54s
2025-11-16 02:21:37 - __main__ - INFO - [VAL] Progress: 1750/240 tasks (729.2%) | Rate: 27.8 tasks/sec | ETA: -54s
2025-11-16 02:21:37 - __main__ - INFO - [VAL] Progress: 1800/240 tasks (750.0%) | Rate: 28.6 tasks/sec | ETA: -55s
2025-11-16 02:21:37 - __main__ - INFO - [VAL] Progress: 1850/240 tasks (770.8%) | Rate: 29.4 tasks/sec | ETA: -55s
2025-11-16 02:21:37 - __main__ - INFO - [VAL] Progress: 1900/240 tasks (791.7%) | Rate: 30.1 tasks/sec | ETA: -55s
2025-11-16 02:21:38 - __main__ - INFO - [VAL] Progress: 1950/240 tasks (812.5%) | Rate: 30.5 tasks/sec | ETA: -56s
2025-11-16 02:21:38 - __main__ - INFO - [VAL] Progress: 2000/240 tasks (833.3%) | Rate: 31.3 tasks/sec | ETA: -56s
2025-11-16 02:21:38 - __main__ - INFO - [VAL] Progress: 2050/240 tasks (854.2%) | Rate: 32.1 tasks/sec | ETA: -56s
2025-11-16 02:21:38 - __main__ - INFO - [VAL] Progress: 2100/240 tasks (875.0%) | Rate: 32.9 tasks/sec | ETA: -57s
2025-11-16 02:21:38 - __main__ - INFO - [VAL] Progress: 2150/240 tasks (895.8%) | Rate: 33.6 tasks/sec | ETA: -57s
2025-11-16 02:22:05 - __main__ - INFO - [VAL] Progress: 2200/240 tasks (916.7%) | Rate: 24.1 tasks/sec | ETA: -81s
2025-11-16 02:22:36 - __main__ - INFO - [VAL] Progress: 2250/240 tasks (937.5%) | Rate: 18.4 tasks/sec | ETA: -109s
2025-11-16 02:22:37 - __main__ - INFO - [VAL] Progress: 2300/240 tasks (958.3%) | Rate: 18.7 tasks/sec | ETA: -110s
2025-11-16 02:22:37 - __main__ - INFO - [VAL] Progress: 2350/240 tasks (979.2%) | Rate: 19.0 tasks/sec | ETA: -111s
2025-11-16 02:22:37 - __main__ - INFO - [VAL] Progress: 2400/240 tasks (1000.0%) | Rate: 19.4 tasks/sec | ETA: -111s
2025-11-16 02:22:38 - __main__ - INFO - [VAL] Progress: 2450/240 tasks (1020.8%) | Rate: 19.8 tasks/sec | ETA: -112s
2025-11-16 02:22:38 - __main__ - INFO - [VAL] Progress: 2500/240 tasks (1041.7%) | Rate: 20.2 tasks/sec | ETA: -112s
2025-11-16 02:22:38 - __main__ - INFO - [VAL] Progress: 2550/240 tasks (1062.5%) | Rate: 20.5 tasks/sec | ETA: -113s
2025-11-16 02:22:38 - __main__ - INFO - [VAL] Progress: 2600/240 tasks (1083.3%) | Rate: 20.9 tasks/sec | ETA: -113s
2025-11-16 02:22:38 - __main__ - INFO - [VAL] Progress: 2650/240 tasks (1104.2%) | Rate: 21.3 tasks/sec | ETA: -113s
2025-11-16 02:22:38 - __main__ - INFO - [VAL] Progress: 2700/240 tasks (1125.0%) | Rate: 21.7 tasks/sec | ETA: -114s
2025-11-16 02:22:38 - __main__ - INFO - [VAL] Progress: 2750/240 tasks (1145.8%) | Rate: 22.0 tasks/sec | ETA: -114s
2025-11-16 02:22:39 - __main__ - INFO - [VAL] Progress: 2800/240 tasks (1166.7%) | Rate: 22.4 tasks/sec | ETA: -114s
2025-11-16 02:22:39 - __main__ - INFO - [VAL] Progress: 2850/240 tasks (1187.5%) | Rate: 22.7 tasks/sec | ETA: -115s
2025-11-16 02:22:40 - __main__ - INFO - [VAL] Progress: 2900/240 tasks (1208.3%) | Rate: 23.0 tasks/sec | ETA: -115s
2025-11-16 02:22:40 - __main__ - INFO - [VAL] Progress: 2950/240 tasks (1229.2%) | Rate: 23.4 tasks/sec | ETA: -116s
2025-11-16 02:22:54 - __main__ - INFO - [VAL] Progress: 3000/240 tasks (1250.0%) | Rate: 21.4 tasks/sec | ETA: -129s
2025-11-16 02:22:59 - __main__ - INFO - [VAL] Progress: 3050/240 tasks (1270.8%) | Rate: 20.9 tasks/sec | ETA: -134s
2025-11-16 02:23:01 - __main__ - INFO - [VAL] Progress: 3100/240 tasks (1291.7%) | Rate: 21.0 tasks/sec | ETA: -136s
2025-11-16 02:23:02 - __main__ - INFO - [VAL] Progress: 3150/240 tasks (1312.5%) | Rate: 21.2 tasks/sec | ETA: -137s
2025-11-16 02:23:03 - __main__ - INFO - [VAL] Progress: 3200/240 tasks (1333.3%) | Rate: 21.4 tasks/sec | ETA: -138s
2025-11-16 02:23:03 - __main__ - INFO - [VAL] Progress: 3250/240 tasks (1354.2%) | Rate: 21.7 tasks/sec | ETA: -139s
2025-11-16 02:23:04 - __main__ - INFO - [VAL] Progress: 3300/240 tasks (1375.0%) | Rate: 22.0 tasks/sec | ETA: -139s
2025-11-16 02:23:04 - __main__ - INFO - [VAL] Progress: 3350/240 tasks (1395.8%) | Rate: 22.3 tasks/sec | ETA: -140s
2025-11-16 02:23:04 - __main__ - INFO - [VAL] Progress: 3400/240 tasks (1416.7%) | Rate: 22.6 tasks/sec | ETA: -140s
2025-11-16 02:23:04 - __main__ - INFO - [VAL] Progress: 3450/240 tasks (1437.5%) | Rate: 22.9 tasks/sec | ETA: -140s
2025-11-16 02:23:04 - __main__ - INFO - [VAL] Progress: 3500/240 tasks (1458.3%) | Rate: 23.3 tasks/sec | ETA: -140s
2025-11-16 02:23:04 - __main__ - INFO - [VAL] Progress: 3550/240 tasks (1479.2%) | Rate: 23.6 tasks/sec | ETA: -140s
2025-11-16 02:23:04 - __main__ - INFO - [VAL] Progress: 3600/240 tasks (1500.0%) | Rate: 23.9 tasks/sec | ETA: -140s
2025-11-16 02:23:04 - __main__ - INFO - [VAL] Progress: 3650/240 tasks (1520.8%) | Rate: 24.3 tasks/sec | ETA: -141s
2025-11-16 02:23:04 - __main__ - INFO - [VAL] Progress: 3700/240 tasks (1541.7%) | Rate: 24.6 tasks/sec | ETA: -141s
2025-11-16 02:23:04 - __main__ - INFO - [VAL] Progress: 3750/240 tasks (1562.5%) | Rate: 24.9 tasks/sec | ETA: -141s
2025-11-16 02:23:04 - __main__ - INFO - [VAL] Progress: 3800/240 tasks (1583.3%) | Rate: 25.2 tasks/sec | ETA: -141s
2025-11-16 02:23:04 - __main__ - INFO - [VAL] Progress: 3850/240 tasks (1604.2%) | Rate: 25.5 tasks/sec | ETA: -141s
2025-11-16 02:23:04 - __main__ - INFO - [VAL] Progress: 3900/240 tasks (1625.0%) | Rate: 25.9 tasks/sec | ETA: -141s
2025-11-16 02:23:05 - __main__ - INFO - [VAL] Progress: 3950/240 tasks (1645.8%) | Rate: 26.2 tasks/sec | ETA: -142s
2025-11-16 02:23:05 - __main__ - INFO - [VAL] Progress: 4000/240 tasks (1666.7%) | Rate: 26.5 tasks/sec | ETA: -142s
2025-11-16 02:23:05 - __main__ - INFO - [VAL] Progress: 4050/240 tasks (1687.5%) | Rate: 26.8 tasks/sec | ETA: -142s
2025-11-16 02:23:05 - __main__ - INFO - [VAL] Progress: 4100/240 tasks (1708.3%) | Rate: 27.2 tasks/sec | ETA: -142s
2025-11-16 02:23:05 - __main__ - INFO - [VAL] Progress: 4150/240 tasks (1729.2%) | Rate: 27.5 tasks/sec | ETA: -142s
2025-11-16 02:23:05 - __main__ - INFO - [VAL] Progress: 4200/240 tasks (1750.0%) | Rate: 27.8 tasks/sec | ETA: -143s
2025-11-16 02:23:05 - __main__ - INFO - [VAL] Progress: 4250/240 tasks (1770.8%) | Rate: 28.1 tasks/sec | ETA: -143s
2025-11-16 02:23:05 - __main__ - INFO - [VAL] Completed in 151.8s
2025-11-16 02:23:05 - __main__ - INFO - ✅ Validation features computed: (3306478, 103)
2025-11-16 02:23:05 - __main__ - INFO - Progress: Extracting targets...
2025-11-16 02:23:06 - __main__ - INFO - ✅ Targets extracted
2025-11-16 02:23:06 - __main__ - INFO - Filtering numeric columns...
2025-11-16 02:23:07 - __main__ - WARNING - Dropping 5 non-numeric columns: ['avg_daily_sessions', 'hour', 'row_id', 'release_date', 'avg_duration']...
2025-11-16 02:23:09 - __main__ - INFO - ✅ Train: (3347176, 98), 2493.6 MB
2025-11-16 02:23:09 - __main__ - INFO - ✅ Val: (3306478, 98), 2463.3 MB
2025-11-16 02:23:09 - __main__ - INFO - Buyer rate (train): 0.0328
2025-11-16 02:23:09 - __main__ - INFO - Buyer rate (val): 0.0332
2025-11-16 02:23:09 - __main__ - INFO - 
================================================================================
2025-11-16 02:23:09 - __main__ - INFO - STEP 4: Training CatBoost Buyer Classifier
2025-11-16 02:23:09 - __main__ - INFO - ================================================================================
2025-11-16 02:23:09 - __main__ - INFO - Class weights: [ 0.51696792 15.2336862 ]
2025-11-16 02:23:09 - __main__ - INFO - Positive class weight: 15.23
2025-11-16 02:23:09 - __main__ - INFO - Training CatBoost classifier...
2025-11-16 02:27:41 - __main__ - INFO - ✅ Saved CatBoost classifier to /home/bigweld/Repos/FME-UPC-datathon-2025/models/teachers/teacher_classifier_catboost.cbm
2025-11-16 02:27:41 - __main__ - INFO - Generating soft labels from classifier...
2025-11-16 02:27:43 - __main__ - INFO - 
================================================================================
2025-11-16 02:27:43 - __main__ - INFO - STEP 5: Training LightGBM Revenue Regressor with HistOS
2025-11-16 02:27:43 - __main__ - INFO - ================================================================================
2025-11-16 02:27:43 - __main__ - INFO - Applying HistOS sampling...
2025-11-16 02:27:44 - src.models.histos_sampling - INFO - Applying HistOS sampling...
2025-11-16 02:27:44 - src.models.histos_sampling - INFO -   Revenue bins: [0, 1, 3, 6, 10, inf]
2025-11-16 02:27:44 - src.models.histos_sampling - INFO -   Sampling weights: [0.3, 1.0, 2.0, 3.0, 10.0]
2025-11-16 02:27:44 - src.models.histos_sampling - INFO -   Original size: 3,347,176 rows
2025-11-16 02:27:46 - src.models.histos_sampling - INFO -   Bin 0 [0.0, 1.0): 3,262,319 → 978,695 (weight=0.3)
2025-11-16 02:27:46 - src.models.histos_sampling - INFO -   Bin 1 [1.0, 3.0): 15,281 → 15,281 (weight=1.0)
2025-11-16 02:27:46 - src.models.histos_sampling - INFO -   Bin 2 [3.0, 6.0): 14,398 → 28,796 (weight=2.0)
2025-11-16 02:27:46 - src.models.histos_sampling - INFO -   Bin 3 [6.0, 10.0): 14,556 → 43,668 (weight=3.0)
2025-11-16 02:27:46 - src.models.histos_sampling - INFO -   Bin 4 [10.0, inf): 40,622 → 406,220 (weight=10.0)
2025-11-16 02:27:51 - src.models.histos_sampling - INFO -   Final size: 1,472,660 rows (0.44x)
2025-11-16 02:27:51 - src.models.histos_sampling - INFO - 
Revenue distribution comparison:
2025-11-16 02:27:51 - src.models.histos_sampling - INFO -   Original mean: $1.90
2025-11-16 02:27:51 - src.models.histos_sampling - INFO -   Sampled mean: $40.41
2025-11-16 02:27:51 - src.models.histos_sampling - INFO -   Original median: $0.00
2025-11-16 02:27:51 - src.models.histos_sampling - INFO -   Sampled median: $0.00
2025-11-16 02:27:51 - src.models.histos_sampling - INFO -   Original whales (>$10): 40,622 (1.21%)
2025-11-16 02:27:51 - src.models.histos_sampling - INFO -   Sampled whales (>$10): 406,220 (27.58%)
2025-11-16 02:27:51 - __main__ - INFO - Training LightGBM regressor...
2025-11-16 02:28:02 - __main__ - INFO - ✅ Saved LightGBM regressor to /home/bigweld/Repos/FME-UPC-datathon-2025/models/teachers/teacher_regressor_lgb_d7.txt
2025-11-16 02:28:02 - __main__ - INFO - Generating soft labels from regressor...
2025-11-16 02:28:04 - __main__ - INFO - 
================================================================================
2025-11-16 02:28:04 - __main__ - INFO - STEP 6: Saving Teacher Outputs
2025-11-16 02:28:04 - __main__ - INFO - ================================================================================
2025-11-16 02:28:04 - __main__ - INFO - ✅ Saved classifier outputs
2025-11-16 02:28:04 - __main__ - INFO - ✅ Saved regressor outputs
2025-11-16 02:28:04 - __main__ - INFO - 
================================================================================
2025-11-16 02:28:04 - __main__ - INFO - TRAINING COMPLETE!
2025-11-16 02:28:04 - __main__ - INFO - ================================================================================
2025-11-16 02:28:04 - __main__ - INFO - 
Models saved to: /home/bigweld/Repos/FME-UPC-datathon-2025/models/teachers
2025-11-16 02:28:04 - __main__ - INFO -   - teacher_classifier_catboost.cbm
2025-11-16 02:28:04 - __main__ - INFO -   - teacher_regressor_lgb_d7.txt
2025-11-16 02:28:04 - __main__ - INFO - 
Soft labels saved to: /home/bigweld/Repos/FME-UPC-datathon-2025/data/processed/teacher_outputs
2025-11-16 02:28:04 - __main__ - INFO -   - teacher_classifier_outputs.npz
2025-11-16 02:28:04 - __main__ - INFO -   - teacher_regressor_outputs.npz
2025-11-16 02:28:04 - __main__ - INFO - 
Lookup tables saved to: /home/bigweld/Repos/FME-UPC-datathon-2025/data/processed/lookup_tables
2025-11-16 02:28:04 - __main__ - INFO - 
Next step: Run 'uv run python scripts/train_students.py' to train student models

============================================================
          CatBoost Classifier - Validation Results          
============================================================

VAL:
  val_accuracy                  :   0.798203
  val_auc_pr                    :   0.270197
  val_auc_roc                   :   0.891861
  val_f1                        :   0.216316
  val_pos_rate_pred             :   0.224337
  val_pos_rate_true             :   0.033161
  val_precision                 :   0.124146
  val_recall                    :   0.839865
============================================================


============================================================
          LightGBM Regressor - Validation Results           
============================================================

VAL:
  val_mae                       :   2.389979
  val_mae_log                   :   0.627019
  val_mean_pred                 :   1.536579
  val_mean_true                 :   1.185670
  val_msle                      :   0.734140
  val_rmse                      : 172.439243
  val_rmse_log                  :   0.856820
  val_zero_rate_pred            :   0.000000
  val_zero_rate_true            :   0.970313
============================================================

