2025-11-16 09:54:30 - __main__ - INFO - ================================================================================
2025-11-16 09:54:30 - __main__ - INFO - TWO-STAGE LIGHTGBM TRAINING
2025-11-16 09:54:30 - __main__ - INFO - ================================================================================
2025-11-16 09:54:30 - __main__ - INFO - Training days: 1
2025-11-16 09:54:30 - __main__ - INFO - Train period: 2025-10-01-00-00 to 2025-10-01-23-00
2025-11-16 09:54:30 - __main__ - INFO - Val period: 2025-10-06-00-00 to 2025-10-06-23-00
2025-11-16 09:54:30 - __main__ - INFO - Building features from scratch...
2025-11-16 09:54:30 - src.data.loader - INFO - Reading parquet from /home/bigweld/Repos/FME-UPC-datathon-2025/data/raw/train/train
2025-11-16 09:54:30 - src.data.loader - INFO - Reading parquet from /home/bigweld/Repos/FME-UPC-datathon-2025/data/raw/train/train
2025-11-16 09:54:30 - src.data.loader - INFO - Train partitions: 24 | Validation partitions: 24
2025-11-16 09:54:30 - __main__ - INFO - Train partitions: 24
2025-11-16 09:54:30 - __main__ - INFO - Val partitions: 24
2025-11-16 09:54:30 - __main__ - INFO - Generating lookup tables from training data...
Traceback (most recent call last):
  File "/home/bigweld/Repos/FME-UPC-datathon-2025/scripts/train_lgb_two_stage.py", line 558, in <module>
    main()
    ~~~~^^
  File "/home/bigweld/Repos/FME-UPC-datathon-2025/scripts/train_lgb_two_stage.py", line 480, in main
    X_train, X_val, lookup_tables = load_or_build_features(config, cache_name)
                                    ~~~~~~~~~~~~~~~~~~~~~~^^^^^^^^^^^^^^^^^^^^
  File "/home/bigweld/Repos/FME-UPC-datathon-2025/scripts/train_lgb_two_stage.py", line 152, in load_or_build_features
    lookup_tables = generate_lookup_tables(ddf_train)
TypeError: generate_lookup_tables() missing 1 required positional argument: 'output_dir'
